C:\Users\carucci_r>cd C:\Users\carucci_r\Documents\chunker

C:\Users\carucci_r\Documents\chunker>dir chunker_hidden.spec
 Volume in drive C is OS
 Volume Serial Number is 9A44-5C46

 Directory of C:\Users\carucci_r\Documents\chunker

06/27/2025  02:18 PM             1,121 chunker_hidden.spec
               1 File(s)          1,121 bytes
               0 Dir(s)  1,487,832,264,704 bytes free

C:\Users\carucci_r\Documents\chunker>pyinstaller chunker_hidden.spec
152 INFO: PyInstaller: 6.14.1, contrib hooks: 2025.5
152 INFO: Python: 3.12.4
182 INFO: Platform: Windows-11-10.0.26100-SP0
182 INFO: Python environment: C:\Users\carucci_r\AppData\Local\Programs\Python\Python312
184 INFO: Module search paths (PYTHONPATH):
['C:\\Users\\carucci_r\\AppData\\Local\\Programs\\Python\\Python312\\Scripts\\pyinstaller.exe',
 'C:\\Users\\carucci_r\\AppData\\Local\\Programs\\Python\\Python312\\python312.zip',
 'C:\\Users\\carucci_r\\AppData\\Local\\Programs\\Python\\Python312\\DLLs',
 'C:\\Users\\carucci_r\\AppData\\Local\\Programs\\Python\\Python312\\Lib',
 'C:\\Users\\carucci_r\\AppData\\Local\\Programs\\Python\\Python312',
 'C:\\Users\\carucci_r\\AppData\\Local\\Programs\\Python\\Python312\\Lib\\site-packages',
 'C:\\Users\\carucci_r\\AppData\\Local\\Programs\\Python\\Python312\\Lib\\site-packages\\setuptools\\_vendor',
 'C:\\Users\\carucci_r\\Documents\\chunker']
578 INFO: checking Analysis
604 INFO: Building because C:\Users\carucci_r\Documents\chunker\watcher_splitter.py changed
605 INFO: Running Analysis Analysis-00.toc
605 INFO: Target bytecode optimization level: 0
605 INFO: Initializing module dependency graph...
607 INFO: Initializing module graph hook caches...
619 INFO: Analyzing modules for base_library.zip ...
1583 INFO: Processing standard module hook 'hook-encodings.py' from 'C:\\Users\\carucci_r\\AppData\\Local\\Programs\\Python\\Python312\\Lib\\site-packages\\PyInstaller\\hooks'
3062 INFO: Processing standard module hook 'hook-pickle.py' from 'C:\\Users\\carucci_r\\AppData\\Local\\Programs\\Python\\Python312\\Lib\\site-packages\\PyInstaller\\hooks'
3583 INFO: Processing standard module hook 'hook-heapq.py' from 'C:\\Users\\carucci_r\\AppData\\Local\\Programs\\Python\\Python312\\Lib\\site-packages\\PyInstaller\\hooks'
3872 INFO: Caching module dependency graph...
3894 INFO: Looking for Python shared library...
3901 INFO: Using Python shared library: C:\Users\carucci_r\AppData\Local\Programs\Python\Python312\python312.dll
3901 INFO: Analyzing C:\Users\carucci_r\Documents\chunker\watcher_splitter.py
3909 INFO: Processing standard module hook 'hook-nltk.py' from 'C:\\Users\\carucci_r\\AppData\\Local\\Programs\\Python\\Python312\\Lib\\site-packages\\_pyinstaller_hooks_contrib\\stdhooks'
4414 INFO: Processing standard module hook 'hook-xml.py' from 'C:\\Users\\carucci_r\\AppData\\Local\\Programs\\Python\\Python312\\Lib\\site-packages\\PyInstaller\\hooks'
4427 INFO: Processing standard module hook 'hook-xml.etree.cElementTree.py' from 'C:\\Users\\carucci_r\\AppData\\Local\\Programs\\Python\\Python312\\Lib\\site-packages\\PyInstaller\\hooks'
4950 INFO: Processing standard module hook 'hook-platform.py' from 'C:\\Users\\carucci_r\\AppData\\Local\\Programs\\Python\\Python312\\Lib\\site-packages\\PyInstaller\\hooks'
4971 INFO: Processing standard module hook 'hook-sysconfig.py' from 'C:\\Users\\carucci_r\\AppData\\Local\\Programs\\Python\\Python312\\Lib\\site-packages\\PyInstaller\\hooks'
5171 INFO: Processing standard module hook 'hook-multiprocessing.util.py' from 'C:\\Users\\carucci_r\\AppData\\Local\\Programs\\Python\\Python312\\Lib\\site-packages\\PyInstaller\\hooks'
5494 INFO: Processing standard module hook 'hook-numpy.py' from 'C:\\Users\\carucci_r\\AppData\\Local\\Programs\\Python\\Python312\\Lib\\site-packages\\PyInstaller\\hooks'
6019 INFO: Processing standard module hook 'hook-difflib.py' from 'C:\\Users\\carucci_r\\AppData\\Local\\Programs\\Python\\Python312\\Lib\\site-packages\\PyInstaller\\hooks'
6897 INFO: Processing standard module hook 'hook-charset_normalizer.py' from 'C:\\Users\\carucci_r\\AppData\\Local\\Programs\\Python\\Python312\\Lib\\site-packages\\_pyinstaller_hooks_contrib\\stdhooks'
7035 INFO: Processing pre-safe-import-module hook 'hook-typing_extensions.py' from 'C:\\Users\\carucci_r\\AppData\\Local\\Programs\\Python\\Python312\\Lib\\site-packages\\PyInstaller\\hooks\\pre_safe_import_module'
7037 INFO: SetuptoolsInfo: initializing cached setuptools info...
9274 INFO: Setuptools: 'typing_extensions' appears to be a setuptools-vendored copy - creating alias to 'setuptools._vendor.typing_extensions'! 9278 INFO: Processing standard module hook 'hook-setuptools.py' from 'C:\\Users\\carucci_r\\AppData\\Local\\Programs\\Python\\Python312\\Lib\\site-packages\\PyInstaller\\hooks'
9302 INFO: Processing pre-safe-import-module hook 'hook-distutils.py' from 'C:\\Users\\carucci_r\\AppData\\Local\\Programs\\Python\\Python312\\Lib\\site-packages\\PyInstaller\\hooks\\pre_safe_import_module'
9320 INFO: Processing pre-safe-import-module hook 'hook-jaraco.functools.py' from 'C:\\Users\\carucci_r\\AppData\\Local\\Programs\\Python\\Python312\\Lib\\site-packages\\PyInstaller\\hooks\\pre_safe_import_module'
9320 INFO: Setuptools: 'jaraco.functools' appears to be a setuptools-vendored copy - creating alias to 'setuptools._vendor.jaraco.functools'! 9326 INFO: Processing pre-safe-import-module hook 'hook-more_itertools.py' from 'C:\\Users\\carucci_r\\AppData\\Local\\Programs\\Python\\Python312\\Lib\\site-packages\\PyInstaller\\hooks\\pre_safe_import_module'
9326 INFO: Setuptools: 'more_itertools' appears to be a setuptools-vendored copy - creating alias to 'setuptools._vendor.more_itertools'! 9444 INFO: Processing pre-safe-import-module hook 'hook-packaging.py' from 'C:\\Users\\carucci_r\\AppData\\Local\\Programs\\Python\\Python312\\Lib\\site-packages\\PyInstaller\\hooks\\pre_safe_import_module'
9525 INFO: Processing pre-safe-import-module hook 'hook-jaraco.text.py' from 'C:\\Users\\carucci_r\\AppData\\Local\\Programs\\Python\\Python312\\Lib\\site-packages\\PyInstaller\\hooks\\pre_safe_import_module'
9526 INFO: Setuptools: 'jaraco.text' appears to be a setuptools-vendored copy - creating alias to 'setuptools._vendor.jaraco.text'! 9531 INFO: Processing standard module hook 'hook-setuptools._vendor.jaraco.text.py' from 'C:\\Users\\carucci_r\\AppData\\Local\\Programs\\Python\\Python312\\Lib\\site-packages\\PyInstaller\\hooks'
9533 INFO: Processing pre-safe-import-module hook 'hook-importlib_resources.py' from 'C:\\Users\\carucci_r\\AppData\\Local\\Programs\\Python\\Python312\\Lib\\site-packages\\PyInstaller\\hooks\\pre_safe_import_module'
9534 INFO: Processing pre-safe-import-module hook 'hook-jaraco.context.py' from 'C:\\Users\\carucci_r\\AppData\\Local\\Programs\\Python\\Python312\\Lib\\site-packages\\PyInstaller\\hooks\\pre_safe_import_module'
9534 INFO: Setuptools: 'jaraco.context' appears to be a setuptools-vendored copy - creating alias to 'setuptools._vendor.jaraco.context'! 9539 INFO: Processing pre-safe-import-module hook 'hook-backports.tarfile.py' from 'C:\\Users\\carucci_r\\AppData\\Local\\Programs\\Python\\Python312\\Lib\\site-packages\\PyInstaller\\hooks\\pre_safe_import_module'
9540 INFO: Setuptools: 'backports.tarfile' appears to be a setuptools-vendored copy - creating alias to 'setuptools._vendor.backports.tarfile'! 9587 INFO: Processing standard module hook 'hook-backports.py' from 'C:\\Users\\carucci_r\\AppData\\Local\\Programs\\Python\\Python312\\Lib\\site-packages\\_pyinstaller_hooks_contrib\\stdhooks'
9788 INFO: Processing pre-safe-import-module hook 'hook-importlib_metadata.py' from 'C:\\Users\\carucci_r\\AppData\\Local\\Programs\\Python\\Python312\\Lib\\site-packages\\PyInstaller\\hooks\\pre_safe_import_module'
9790 INFO: Setuptools: 'importlib_metadata' appears to be a setuptools-vendored copy - creating alias to 'setuptools._vendor.importlib_metadata'! 9818 INFO: Processing standard module hook 'hook-setuptools._vendor.importlib_metadata.py' from 'C:\\Users\\carucci_r\\AppData\\Local\\Programs\\Python\\Python312\\Lib\\site-packages\\PyInstaller\\hooks'
9821 INFO: Processing pre-safe-import-module hook 'hook-zipp.py' from 'C:\\Users\\carucci_r\\AppData\\Local\\Programs\\Python\\Python312\\Lib\\site-packages\\PyInstaller\\hooks\\pre_safe_import_module'
9822 INFO: Setuptools: 'zipp' appears to be a setuptools-vendored copy - creating alias to 'setuptools._vendor.zipp'! 9972 INFO: Processing pre-safe-import-module hook 'hook-tomli.py' from 'C:\\Users\\carucci_r\\AppData\\Local\\Programs\\Python\\Python312\\Lib\\site-packages\\PyInstaller\\hooks\\pre_safe_import_module'
9972 INFO: Setuptools: 'tomli' appears to be a setuptools-vendored copy - creating alias to 'setuptools._vendor.tomli'! 10242 INFO: Processing pre-safe-import-module hook 'hook-wheel.py' from 'C:\\Users\\carucci_r\\AppData\\Local\\Programs\\Python\\Python312\\Lib\\site-packages\\PyInstaller\\hooks\\pre_safe_import_module'
10243 INFO: Setuptools: 'wheel' appears to be a setuptools-vendored copy - creating alias to 'setuptools._vendor.wheel'! 10799 INFO: Processing standard module hook 'hook-pandas.py' from 'C:\\Users\\carucci_r\\AppData\\Local\\Programs\\Python\\Python312\\Lib\\site-packages\\PyInstaller\\hooks'
12232 INFO: Processing standard module hook 'hook-pytz.py' from 'C:\\Users\\carucci_r\\AppData\\Local\\Programs\\Python\\Python312\\Lib\\site-packages\\PyInstaller\\hooks'
12541 INFO: Processing standard module hook 'hook-pyarrow.py' from 'C:\\Users\\carucci_r\\AppData\\Local\\Programs\\Python\\Python312\\Lib\\site-packages\\_pyinstaller_hooks_contrib\\stdhooks'
14466 INFO: Processing standard module hook 'hook-pandas.io.formats.style.py' from 'C:\\Users\\carucci_r\\AppData\\Local\\Programs\\Python\\Python312\\Lib\\site-packages\\PyInstaller\\hooks'
16070 INFO: Processing standard module hook 'hook-pandas.plotting.py' from 'C:\\Users\\carucci_r\\AppData\\Local\\Programs\\Python\\Python312\\Lib\\site-packages\\PyInstaller\\hooks'
16354 INFO: Processing standard module hook 'hook-openpyxl.py' from 'C:\\Users\\carucci_r\\AppData\\Local\\Programs\\Python\\Python312\\Lib\\site-packages\\_pyinstaller_hooks_contrib\\stdhooks'
17363 INFO: Processing standard module hook 'hook-sqlite3.py' from 'C:\\Users\\carucci_r\\AppData\\Local\\Programs\\Python\\Python312\\Lib\\site-packages\\PyInstaller\\hooks'
17694 INFO: Processing standard module hook 'hook-pandas.io.clipboard.py' from 'C:\\Users\\carucci_r\\AppData\\Local\\Programs\\Python\\Python312\\Lib\\site-packages\\PyInstaller\\hooks'
17823 INFO: Processing standard module hook 'hook-dateutil.py' from 'C:\\Users\\carucci_r\\AppData\\Local\\Programs\\Python\\Python312\\Lib\\site-packages\\_pyinstaller_hooks_contrib\\stdhooks'
17900 INFO: Processing pre-safe-import-module hook 'hook-six.moves.py' from 'C:\\Users\\carucci_r\\AppData\\Local\\Programs\\Python\\Python312\\Lib\\site-packages\\PyInstaller\\hooks\\pre_safe_import_module'
18199 INFO: Processing standard module hook 'hook-xml.dom.domreg.py' from 'C:\\Users\\carucci_r\\AppData\\Local\\Programs\\Python\\Python312\\Lib\\site-packages\\PyInstaller\\hooks'
18534 INFO: Processing pre-find-module-path hook 'hook-tkinter.py' from 'C:\\Users\\carucci_r\\AppData\\Local\\Programs\\Python\\Python312\\Lib\\site-packages\\PyInstaller\\hooks\\pre_find_module_path'
18535 INFO: TclTkInfo: initializing cached Tcl/Tk info...
18703 INFO: Processing standard module hook 'hook-_tkinter.py' from 'C:\\Users\\carucci_r\\AppData\\Local\\Programs\\Python\\Python312\\Lib\\site-packages\\PyInstaller\\hooks'
18948 INFO: Processing standard module hook 'hook-regex.py' from 'C:\\Users\\carucci_r\\AppData\\Local\\Programs\\Python\\Python312\\Lib\\site-packages\\_pyinstaller_hooks_contrib\\stdhooks'
20250 INFO: Processing module hooks (post-graph stage)...
20309 INFO: Processing standard module hook 'hook-pycparser.py' from 'C:\\Users\\carucci_r\\AppData\\Local\\Programs\\Python\\Python312\\Lib\\site-packages\\_pyinstaller_hooks_contrib\\stdhooks'
20787 WARNING: Hidden import "jinja2" not found! 20811 INFO: Processing standard module hook 'hook-_tkinter.py' from 'C:\\Users\\carucci_r\\AppData\\Local\\Programs\\Python\\Python312\\Lib\\site-packages\\PyInstaller\\hooks'
20830 INFO: Performing binary vs. data reclassification (2316 entries)
21504 INFO: Looking for ctypes DLLs
21531 INFO: Analyzing run-time hooks ...
21536 INFO: Including run-time hook 'pyi_rth_inspect.py' from 'C:\\Users\\carucci_r\\AppData\\Local\\Programs\\Python\\Python312\\Lib\\site-packages\\PyInstaller\\hooks\\rthooks'
21538 INFO: Including run-time hook 'pyi_rth_pkgutil.py' from 'C:\\Users\\carucci_r\\AppData\\Local\\Programs\\Python\\Python312\\Lib\\site-packages\\PyInstaller\\hooks\\rthooks'
21540 INFO: Including run-time hook 'pyi_rth_setuptools.py' from 'C:\\Users\\carucci_r\\AppData\\Local\\Programs\\Python\\Python312\\Lib\\site-packages\\PyInstaller\\hooks\\rthooks'
21542 INFO: Including run-time hook 'pyi_rth_multiprocessing.py' from 'C:\\Users\\carucci_r\\AppData\\Local\\Programs\\Python\\Python312\\Lib\\site-packages\\PyInstaller\\hooks\\rthooks'
21543 INFO: Including run-time hook 'pyi_rth__tkinter.py' from 'C:\\Users\\carucci_r\\AppData\\Local\\Programs\\Python\\Python312\\Lib\\site-packages\\PyInstaller\\hooks\\rthooks'
21544 INFO: Including run-time hook 'pyi_rth_nltk.py' from 'C:\\Users\\carucci_r\\AppData\\Local\\Programs\\Python\\Python312\\Lib\\site-packages\\_pyinstaller_hooks_contrib\\rthooks'
21586 INFO: Creating base_library.zip...
21636 INFO: Looking for dynamic libraries
C:\Users\carucci_r\AppData\Local\Programs\Python\Python312\Lib\site-packages\nltk\app\__init__.py:45: UserWarning: nltk.app.wordfreq not loaded (requires the matplotlib library). warnings.warn("nltk.app.wordfreq not loaded (requires the matplotlib library).") 22987 INFO: Extra DLL search directories (AddDllDirectory): ['C:\\Users\\carucci_r\\AppData\\Local\\Programs\\Python\\Python312\\Lib\\site-packages\\numpy.libs', 'C:\\Users\\carucci_r\\AppData\\Local\\Programs\\Python\\Python312\\Lib\\site-packages\\pandas.libs', 'C:\\Users\\carucci_r\\AppData\\Local\\Programs\\Python\\Python312\\Lib\\site-packages\\pyarrow.libs']
22987 INFO: Extra DLL search directories (PATH): []
24017 INFO: Warnings written to C:\Users\carucci_r\Documents\chunker\build\chunker_hidden\warn-chunker_hidden.txt
24120 INFO: Graph cross-reference written to C:\Users\carucci_r\Documents\chunker\build\chunker_hidden\xref-chunker_hidden.html
24166 INFO: checking Tree
24179 INFO: checking PYZ
24239 INFO: checking PKG
24257 INFO: Building because toc changed
24257 INFO: Building PKG (CArchive) chunker_hidden.pkg
45312 INFO: Building PKG (CArchive) chunker_hidden.pkg completed successfully. 45343 INFO: Bootloader C:\Users\carucci_r\AppData\Local\Programs\Python\Python312\Lib\site-packages\PyInstaller\bootloader\Windows-64bit-intel\runw.exe
45343 INFO: checking EXE
45360 INFO: Building because toc changed
45360 INFO: Building EXE from EXE-00.toc
Traceback (most recent call last):
  File "<frozen runpy>", line 198, in _run_module_as_main
  File "<frozen runpy>", line 88, in _run_code
  File "C:\Users\carucci_r\AppData\Local\Programs\Python\Python312\Scripts\pyinstaller.exe\__main__.py", line 7, in <module>
  File "C:\Users\carucci_r\AppData\Local\Programs\Python\Python312\Lib\site-packages\PyInstaller\__main__.py", line 231, in _console_script_run
    run()
  File "C:\Users\carucci_r\AppData\Local\Programs\Python\Python312\Lib\site-packages\PyInstaller\__main__.py", line 215, in run
    run_build(pyi_config, spec_file, **vars(args))
  File "C:\Users\carucci_r\AppData\Local\Programs\Python\Python312\Lib\site-packages\PyInstaller\__main__.py", line 70, in run_build
    PyInstaller.building.build_main.main(pyi_config, spec_file, **kwargs)
  File "C:\Users\carucci_r\AppData\Local\Programs\Python\Python312\Lib\site-packages\PyInstaller\building\build_main.py", line 1282, in main
    build(specfile, distpath, workpath, clean_build)
  File "C:\Users\carucci_r\AppData\Local\Programs\Python\Python312\Lib\site-packages\PyInstaller\building\build_main.py", line 1220, in build
    exec(code, spec_namespace)
  File "chunker_hidden.spec", line 30, in <module>
    exe = EXE(
          ^^^^
  File "C:\Users\carucci_r\AppData\Local\Programs\Python\Python312\Lib\site-packages\PyInstaller\building\api.py", line 678, in __init__
    self.__postinit__()
  File "C:\Users\carucci_r\AppData\Local\Programs\Python\Python312\Lib\site-packages\PyInstaller\building\datastruct.py", line 184, in __postinit__
    self.assemble()
  File "C:\Users\carucci_r\AppData\Local\Programs\Python\Python312\Lib\site-packages\PyInstaller\building\api.py", line 772, in assemble
    os.remove(self.name)
PermissionError: [WinError 5] Access is denied: 'C:\\Users\\carucci_r\\Documents\\chunker\\dist\\chunker_hidden.exe'

C:\Users\carucci_r\Documents\chunker>pyinstaller chunker_hidden.spec
157 INFO: PyInstaller: 6.14.1, contrib hooks: 2025.5
158 INFO: Python: 3.12.4
187 INFO: Platform: Windows-11-10.0.26100-SP0
187 INFO: Python environment: C:\Users\carucci_r\AppData\Local\Programs\Python\Python312
190 INFO: Module search paths (PYTHONPATH):
['C:\\Users\\carucci_r\\AppData\\Local\\Programs\\Python\\Python312\\Scripts\\pyinstaller.exe',
 'C:\\Users\\carucci_r\\AppData\\Local\\Programs\\Python\\Python312\\python312.zip',
 'C:\\Users\\carucci_r\\AppData\\Local\\Programs\\Python\\Python312\\DLLs',
 'C:\\Users\\carucci_r\\AppData\\Local\\Programs\\Python\\Python312\\Lib',
 'C:\\Users\\carucci_r\\AppData\\Local\\Programs\\Python\\Python312',
 'C:\\Users\\carucci_r\\AppData\\Local\\Programs\\Python\\Python312\\Lib\\site-packages',
 'C:\\Users\\carucci_r\\AppData\\Local\\Programs\\Python\\Python312\\Lib\\site-packages\\setuptools\\_vendor',
 'C:\\Users\\carucci_r\\Documents\\chunker']
594 INFO: checking Analysis
679 INFO: checking Tree
693 INFO: checking PYZ
749 INFO: checking PKG
765 INFO: Building because C:\Users\carucci_r\Documents\chunker\build\chunker_hidden\localpycs\pyimod01_archive.pyc changed
766 INFO: Building PKG (CArchive) chunker_hidden.pkg
21926 INFO: Building PKG (CArchive) chunker_hidden.pkg completed successfully. 21955 INFO: Bootloader C:\Users\carucci_r\AppData\Local\Programs\Python\Python312\Lib\site-packages\PyInstaller\bootloader\Windows-64bit-intel\runw.exe
21955 INFO: checking EXE
21969 INFO: Building because toc changed
21969 INFO: Building EXE from EXE-00.toc
21984 INFO: Copying bootloader EXE to C:\Users\carucci_r\Documents\chunker\dist\chunker_hidden.exe
21999 INFO: Copying icon to EXE
22004 INFO: Copying 0 resources to EXE
22004 INFO: Embedding manifest in EXE
22007 INFO: Appending PKG archive to EXE
22101 INFO: Fixing EXE headers
22443 INFO: Building EXE from EXE-00.toc completed successfully. 22474 INFO: Build complete! The results are available in: C:\Users\carucci_r\Documents\chunker\dist

C:\Users\carucci_r\Documents\chunker>^A

C:\Users\carucci_r\Documents\chunker>pyinstaller chunker_hidden.spec
160 INFO: PyInstaller: 6.14.1, contrib hooks: 2025.5
160 INFO: Python: 3.12.4
190 INFO: Platform: Windows-11-10.0.26100-SP0
190 INFO: Python environment: C:\Users\carucci_r\AppData\Local\Programs\Python\Python312
195 INFO: Module search paths (PYTHONPATH):
['C:\\Users\\carucci_r\\AppData\\Local\\Programs\\Python\\Python312\\Scripts\\pyinstaller.exe',
 'C:\\Users\\carucci_r\\AppData\\Local\\Programs\\Python\\Python312\\python312.zip',
 'C:\\Users\\carucci_r\\AppData\\Local\\Programs\\Python\\Python312\\DLLs',
 'C:\\Users\\carucci_r\\AppData\\Local\\Programs\\Python\\Python312\\Lib',
 'C:\\Users\\carucci_r\\AppData\\Local\\Programs\\Python\\Python312',
 'C:\\Users\\carucci_r\\AppData\\Local\\Programs\\Python\\Python312\\Lib\\site-packages',
 'C:\\Users\\carucci_r\\AppData\\Local\\Programs\\Python\\Python312\\Lib\\site-packages\\setuptools\\_vendor',
 'C:\\Users\\carucci_r\\Documents\\chunker',
 'C:\\Users\\carucci_r\\Documents\\chunker']
590 INFO: Appending 'datas' from .spec
ERROR: Unable to find 'C:\\Users\\carucci_r\\Documents\\chunker\\nltk_punkt\\*' when adding binary and data files. C:\Users\carucci_r\Documents\chunker>cd C:\Users\carucci_r\Documents\chunker

C:\Users\carucci_r\Documents\chunker>pyinstaller chunker_hidden.spec
164 INFO: PyInstaller: 6.14.1, contrib hooks: 2025.5
164 INFO: Python: 3.12.4
196 INFO: Platform: Windows-11-10.0.26100-SP0
196 INFO: Python environment: C:\Users\carucci_r\AppData\Local\Programs\Python\Python312
199 INFO: Module search paths (PYTHONPATH):
['C:\\Users\\carucci_r\\AppData\\Local\\Programs\\Python\\Python312\\Scripts\\pyinstaller.exe',
 'C:\\Users\\carucci_r\\AppData\\Local\\Programs\\Python\\Python312\\python312.zip',
 'C:\\Users\\carucci_r\\AppData\\Local\\Programs\\Python\\Python312\\DLLs',
 'C:\\Users\\carucci_r\\AppData\\Local\\Programs\\Python\\Python312\\Lib',
 'C:\\Users\\carucci_r\\AppData\\Local\\Programs\\Python\\Python312',
 'C:\\Users\\carucci_r\\AppData\\Local\\Programs\\Python\\Python312\\Lib\\site-packages',
 'C:\\Users\\carucci_r\\AppData\\Local\\Programs\\Python\\Python312\\Lib\\site-packages\\setuptools\\_vendor',
 'C:\\Users\\carucci_r\\Documents\\chunker',
 'C:\\Users\\carucci_r\\Documents\\chunker']
608 INFO: Appending 'datas' from .spec
ERROR: Unable to find 'C:\\Users\\carucci_r\\Documents\\chunker\\nltk_punkt\\*' when adding binary and data files. C:\Users\carucci_r\Documents\chunker>mkdir nltk_punkt

C:\Users\carucci_r\Documents\chunker>xcopy %APPDATA%\nltk_data\tokenizers\punkt\* nltk_punkt\ /Y
C:\Users\carucci_r\AppData\Roaming\nltk_data\tokenizers\punkt\.DS_Store
C:\Users\carucci_r\AppData\Roaming\nltk_data\tokenizers\punkt\czech.pickle
C:\Users\carucci_r\AppData\Roaming\nltk_data\tokenizers\punkt\danish.pickle
C:\Users\carucci_r\AppData\Roaming\nltk_data\tokenizers\punkt\dutch.pickle
C:\Users\carucci_r\AppData\Roaming\nltk_data\tokenizers\punkt\english.pickle
C:\Users\carucci_r\AppData\Roaming\nltk_data\tokenizers\punkt\estonian.pickle
C:\Users\carucci_r\AppData\Roaming\nltk_data\tokenizers\punkt\finnish.pickle
C:\Users\carucci_r\AppData\Roaming\nltk_data\tokenizers\punkt\french.pickle
C:\Users\carucci_r\AppData\Roaming\nltk_data\tokenizers\punkt\german.pickle
C:\Users\carucci_r\AppData\Roaming\nltk_data\tokenizers\punkt\greek.pickle
C:\Users\carucci_r\AppData\Roaming\nltk_data\tokenizers\punkt\italian.pickle
C:\Users\carucci_r\AppData\Roaming\nltk_data\tokenizers\punkt\malayalam.pickle
C:\Users\carucci_r\AppData\Roaming\nltk_data\tokenizers\punkt\norwegian.pickle
C:\Users\carucci_r\AppData\Roaming\nltk_data\tokenizers\punkt\polish.pickle
C:\Users\carucci_r\AppData\Roaming\nltk_data\tokenizers\punkt\portuguese.pickle
C:\Users\carucci_r\AppData\Roaming\nltk_data\tokenizers\punkt\README
C:\Users\carucci_r\AppData\Roaming\nltk_data\tokenizers\punkt\russian.pickle
C:\Users\carucci_r\AppData\Roaming\nltk_data\tokenizers\punkt\slovene.pickle
C:\Users\carucci_r\AppData\Roaming\nltk_data\tokenizers\punkt\spanish.pickle
C:\Users\carucci_r\AppData\Roaming\nltk_data\tokenizers\punkt\swedish.pickle
C:\Users\carucci_r\AppData\Roaming\nltk_data\tokenizers\punkt\turkish.pickle
21 File(s) copied

C:\Users\carucci_r\Documents\chunker>pyinstaller chunker_hidden.spec
155 INFO: PyInstaller: 6.14.1, contrib hooks: 2025.5
155 INFO: Python: 3.12.4
192 INFO: Platform: Windows-11-10.0.26100-SP0
193 INFO: Python environment: C:\Users\carucci_r\AppData\Local\Programs\Python\Python312
196 INFO: Module search paths (PYTHONPATH):
['C:\\Users\\carucci_r\\AppData\\Local\\Programs\\Python\\Python312\\Scripts\\pyinstaller.exe',
 'C:\\Users\\carucci_r\\AppData\\Local\\Programs\\Python\\Python312\\python312.zip',
 'C:\\Users\\carucci_r\\AppData\\Local\\Programs\\Python\\Python312\\DLLs',
 'C:\\Users\\carucci_r\\AppData\\Local\\Programs\\Python\\Python312\\Lib',
 'C:\\Users\\carucci_r\\AppData\\Local\\Programs\\Python\\Python312',
 'C:\\Users\\carucci_r\\AppData\\Local\\Programs\\Python\\Python312\\Lib\\site-packages',
 'C:\\Users\\carucci_r\\AppData\\Local\\Programs\\Python\\Python312\\Lib\\site-packages\\setuptools\\_vendor',
 'C:\\Users\\carucci_r\\Documents\\chunker',
 'C:\\Users\\carucci_r\\Documents\\chunker']
617 INFO: Appending 'datas' from .spec
618 INFO: checking Analysis
644 INFO: Building because pathex changed
644 INFO: Running Analysis Analysis-00.toc
644 INFO: Target bytecode optimization level: 0
644 INFO: Initializing module dependency graph...
645 INFO: Initializing module graph hook caches...
656 INFO: Analyzing modules for base_library.zip ...
1684 INFO: Processing standard module hook 'hook-heapq.py' from 'C:\\Users\\carucci_r\\AppData\\Local\\Programs\\Python\\Python312\\Lib\\site-packages\\PyInstaller\\hooks'
1733 INFO: Processing standard module hook 'hook-encodings.py' from 'C:\\Users\\carucci_r\\AppData\\Local\\Programs\\Python\\Python312\\Lib\\site-packages\\PyInstaller\\hooks'
2911 INFO: Processing standard module hook 'hook-pickle.py' from 'C:\\Users\\carucci_r\\AppData\\Local\\Programs\\Python\\Python312\\Lib\\site-packages\\PyInstaller\\hooks'
3964 INFO: Caching module dependency graph...
3986 INFO: Looking for Python shared library...
3991 INFO: Using Python shared library: C:\Users\carucci_r\AppData\Local\Programs\Python\Python312\python312.dll
3991 INFO: Analyzing C:\Users\carucci_r\Documents\chunker\watcher_splitter.py
3999 INFO: Processing standard module hook 'hook-nltk.py' from 'C:\\Users\\carucci_r\\AppData\\Local\\Programs\\Python\\Python312\\Lib\\site-packages\\_pyinstaller_hooks_contrib\\stdhooks'
4580 INFO: Processing standard module hook 'hook-xml.py' from 'C:\\Users\\carucci_r\\AppData\\Local\\Programs\\Python\\Python312\\Lib\\site-packages\\PyInstaller\\hooks'
4600 INFO: Processing standard module hook 'hook-xml.etree.cElementTree.py' from 'C:\\Users\\carucci_r\\AppData\\Local\\Programs\\Python\\Python312\\Lib\\site-packages\\PyInstaller\\hooks'
5109 INFO: Processing standard module hook 'hook-platform.py' from 'C:\\Users\\carucci_r\\AppData\\Local\\Programs\\Python\\Python312\\Lib\\site-packages\\PyInstaller\\hooks'
5125 INFO: Processing standard module hook 'hook-sysconfig.py' from 'C:\\Users\\carucci_r\\AppData\\Local\\Programs\\Python\\Python312\\Lib\\site-packages\\PyInstaller\\hooks'
5276 INFO: Processing standard module hook 'hook-multiprocessing.util.py' from 'C:\\Users\\carucci_r\\AppData\\Local\\Programs\\Python\\Python312\\Lib\\site-packages\\PyInstaller\\hooks'
5616 INFO: Processing standard module hook 'hook-numpy.py' from 'C:\\Users\\carucci_r\\AppData\\Local\\Programs\\Python\\Python312\\Lib\\site-packages\\PyInstaller\\hooks'
6118 INFO: Processing standard module hook 'hook-difflib.py' from 'C:\\Users\\carucci_r\\AppData\\Local\\Programs\\Python\\Python312\\Lib\\site-packages\\PyInstaller\\hooks'
6987 INFO: Processing standard module hook 'hook-charset_normalizer.py' from 'C:\\Users\\carucci_r\\AppData\\Local\\Programs\\Python\\Python312\\Lib\\site-packages\\_pyinstaller_hooks_contrib\\stdhooks'
7114 INFO: Processing pre-safe-import-module hook 'hook-typing_extensions.py' from 'C:\\Users\\carucci_r\\AppData\\Local\\Programs\\Python\\Python312\\Lib\\site-packages\\PyInstaller\\hooks\\pre_safe_import_module'
7117 INFO: SetuptoolsInfo: initializing cached setuptools info...
9348 INFO: Setuptools: 'typing_extensions' appears to be a setuptools-vendored copy - creating alias to 'setuptools._vendor.typing_extensions'! 9353 INFO: Processing standard module hook 'hook-setuptools.py' from 'C:\\Users\\carucci_r\\AppData\\Local\\Programs\\Python\\Python312\\Lib\\site-packages\\PyInstaller\\hooks'
9377 INFO: Processing pre-safe-import-module hook 'hook-distutils.py' from 'C:\\Users\\carucci_r\\AppData\\Local\\Programs\\Python\\Python312\\Lib\\site-packages\\PyInstaller\\hooks\\pre_safe_import_module'
9397 INFO: Processing pre-safe-import-module hook 'hook-jaraco.functools.py' from 'C:\\Users\\carucci_r\\AppData\\Local\\Programs\\Python\\Python312\\Lib\\site-packages\\PyInstaller\\hooks\\pre_safe_import_module'
9398 INFO: Setuptools: 'jaraco.functools' appears to be a setuptools-vendored copy - creating alias to 'setuptools._vendor.jaraco.functools'! 9402 INFO: Processing pre-safe-import-module hook 'hook-more_itertools.py' from 'C:\\Users\\carucci_r\\AppData\\Local\\Programs\\Python\\Python312\\Lib\\site-packages\\PyInstaller\\hooks\\pre_safe_import_module'
9403 INFO: Setuptools: 'more_itertools' appears to be a setuptools-vendored copy - creating alias to 'setuptools._vendor.more_itertools'! 9505 INFO: Processing pre-safe-import-module hook 'hook-packaging.py' from 'C:\\Users\\carucci_r\\AppData\\Local\\Programs\\Python\\Python312\\Lib\\site-packages\\PyInstaller\\hooks\\pre_safe_import_module'
9587 INFO: Processing pre-safe-import-module hook 'hook-jaraco.text.py' from 'C:\\Users\\carucci_r\\AppData\\Local\\Programs\\Python\\Python312\\Lib\\site-packages\\PyInstaller\\hooks\\pre_safe_import_module'
9588 INFO: Setuptools: 'jaraco.text' appears to be a setuptools-vendored copy - creating alias to 'setuptools._vendor.jaraco.text'! 9593 INFO: Processing standard module hook 'hook-setuptools._vendor.jaraco.text.py' from 'C:\\Users\\carucci_r\\AppData\\Local\\Programs\\Python\\Python312\\Lib\\site-packages\\PyInstaller\\hooks'
9594 INFO: Processing pre-safe-import-module hook 'hook-importlib_resources.py' from 'C:\\Users\\carucci_r\\AppData\\Local\\Programs\\Python\\Python312\\Lib\\site-packages\\PyInstaller\\hooks\\pre_safe_import_module'
9595 INFO: Processing pre-safe-import-module hook 'hook-jaraco.context.py' from 'C:\\Users\\carucci_r\\AppData\\Local\\Programs\\Python\\Python312\\Lib\\site-packages\\PyInstaller\\hooks\\pre_safe_import_module'
9596 INFO: Setuptools: 'jaraco.context' appears to be a setuptools-vendored copy - creating alias to 'setuptools._vendor.jaraco.context'!